[lala-html.netlify.app/index.html]
[backblue.gif]
[fade.gif]
[index.html]
[lala-html.netlify.app/assets/css/fontawesome.min.css]
[lala-html.netlify.app/assets/css/bootstrap.min.css]
[lala-html.netlify.app/assets/css/lightgallery.min.css]
[lala-html.netlify.app/assets/css/select2.min.css]
[lala-html.netlify.app/assets/css/slick.css]
[lala-html.netlify.app/assets/css/jquery-ui.min.css]
[lala-html.netlify.app/assets/css/animate.min.css]
[lala-html.netlify.app/assets/css/animated-headline.css]
[lala-html.netlify.app/assets/css/style.css]
[lala-html.netlify.app/assets/img/logo.svg]
[lala-html.netlify.app/02_non_profit_home.html]
[lala-html.netlify.app/01_agency_home.html]
[lala-html.netlify.app/03_seo_home.html]
[lala-html.netlify.app/04_medical_home.html]
[lala-html.netlify.app/05_insurance_home.html]
[lala-html.netlify.app/06_movers_home.html]
[lala-html.netlify.app/07_creative_home.html]
[lala-html.netlify.app/08_portfolio_home.html]
[lala-html.netlify.app/09_photography_home.html]
[lala-html.netlify.app/about_1.html]
[lala-html.netlify.app/about_2.html]
[lala-html.netlify.app/service.html]
[lala-html.netlify.app/faq.html]
[lala-html.netlify.app/error.html]
[lala-html.netlify.app/contact_1.html]
[lala-html.netlify.app/contact_2.html]
[lala-html.netlify.app/pricing.html]
[lala-html.netlify.app/blog_grid.html]
[lala-html.netlify.app/portfolio_1.html]
[lala-html.netlify.app/portfolio_2.html]
[lala-html.netlify.app/portfolio_details.html]
[lala-html.netlify.app/blog_list_left_sidebar.html]
[lala-html.netlify.app/blog_list_right_sidebar.html]
[lala-html.netlify.app/blog_details_left_sidebar.html]
[lala-html.netlify.app/blog_details_right_sidebar.html]
[lala-html.netlify.app/blog_details_no_sidebar.html]
[lala-html.netlify.app/assets/img/landing/icon1.png]
[lala-html.netlify.app/assets/img/landing/hero-img.png]
[lala-html.netlify.app/assets/img/landing/home/agency.jpg]
[lala-html.netlify.app/assets/img/landing/home/creative.jpg]
[lala-html.netlify.app/assets/img/landing/home/medical.jpg]
[lala-html.netlify.app/assets/img/landing/home/photography.jpg]
[lala-html.netlify.app/assets/img/landing/home/movers.jpg]
[lala-html.netlify.app/assets/img/landing/home/insurance.jpg]
[lala-html.netlify.app/assets/img/landing/home/seo.jpg]
[lala-html.netlify.app/assets/img/landing/home/non-profit.jpg]
[lala-html.netlify.app/assets/img/landing/home/portfolio.jpg]
[lala-html.netlify.app/assets/img/landing/home/landing.jpg]
[lala-html.netlify.app/assets/img/landing/home/coming-soon.jpg]
[lala-html.netlify.app/assets/img/landing/inner/1.jpg]
[lala-html.netlify.app/assets/img/landing/inner/2.jpg]
[lala-html.netlify.app/assets/img/landing/inner/3.jpg]
[lala-html.netlify.app/assets/img/landing/inner/4.jpg]
[lala-html.netlify.app/assets/img/landing/inner/5.jpg]
[lala-html.netlify.app/assets/img/landing/inner/6.jpg]
[lala-html.netlify.app/assets/img/landing/inner/7.jpg]
[lala-html.netlify.app/assets/img/landing/inner/8.jpg]
[lala-html.netlify.app/assets/img/landing/inner/9.jpg]
[lala-html.netlify.app/assets/js/jquery-1.12.4.min.js]
[lala-html.netlify.app/assets/js/isotope.pkg.min.js]
[lala-html.netlify.app/assets/js/wow.min.js]
[lala-html.netlify.app/assets/js/jquery.slick.min.js]
[lala-html.netlify.app/assets/js/lightgallery.min.js]
[lala-html.netlify.app/assets/js/jquery.counter.min.js]
[lala-html.netlify.app/assets/js/select2.min.js]
[lala-html.netlify.app/assets/js/ripples.min.js]
[lala-html.netlify.app/assets/js/jquery-ui.min.js]
[lala-html.netlify.app/assets/js/animated-headline.js]
[lala-html.netlify.app/index.html]
[lala-html.netlify.app/assets/js/main.js]
[lala-html.netlify.app/assets/fonts/fa-brands-400.eot]
[lala-html.netlify.app/assets/fonts/fa-brands-400d41d.eot]
[lala-html.netlify.app/assets/fonts/fa-brands-400.woff2]
[lala-html.netlify.app/assets/fonts/fa-brands-400.woff]
[lala-html.netlify.app/assets/fonts/fa-brands-400.ttf]
[lala-html.netlify.app/assets/fonts/fa-brands-400.svg]
[lala-html.netlify.app/assets/fonts/fa-regular-400.eot]
[lala-html.netlify.app/assets/fonts/fa-regular-400d41d.eot]
[lala-html.netlify.app/assets/fonts/fa-regular-400.woff2]
[lala-html.netlify.app/assets/fonts/fa-regular-400.woff]
[lala-html.netlify.app/assets/fonts/fa-regular-400.ttf]
[lala-html.netlify.app/assets/fonts/fa-regular-400.svg]
[lala-html.netlify.app/assets/fonts/fa-solid-900.eot]
[lala-html.netlify.app/assets/fonts/fa-solid-900d41d.eot]
[lala-html.netlify.app/assets/fonts/fa-solid-900.woff2]
[lala-html.netlify.app/assets/fonts/fa-solid-900.woff]
[lala-html.netlify.app/assets/fonts/fa-solid-900.ttf]
[lala-html.netlify.app/assets/css/fontawesome.min.css]
[lala-html.netlify.app/assets/css/bootstrap.min.css]
[lala-html.netlify.app/assets/fonts/lgd641.eot]
[lala-html.netlify.app/assets/fonts/fa-solid-900.svg]
[lala-html.netlify.app/assets/fonts/lgd41d.eot]
[lala-html.netlify.app/assets/fonts/lgd641.woff]
[lala-html.netlify.app/assets/fonts/lgd641.ttf]
[lala-html.netlify.app/assets/fonts/lgd641.svg]
[lala-html.netlify.app/assets/img/vimeo-play.5d.delayed]
[lala-html.netlify.app/assets/img/video-play.5e.delayed]
[lala-html.netlify.app/assets/img/youtube-play.5f.delayed]
[lala-html.netlify.app/assets/img/loading.60.delayed]
[lala-html.netlify.app/assets/css/lightgallery.min.css]
[lala-html.netlify.app/assets/css/select2.min.css]
[lala-html.netlify.app/assets/css/slick.css]
[lala-html.netlify.app/assets/css/images/ui-icons_444444_256x240.61.delayed]
[lala-html.netlify.app/assets/css/images/ui-icons_555555_256x240.62.delayed]
[lala-html.netlify.app/assets/css/images/ui-icons_ffffff_256x240.63.delayed]
[lala-html.netlify.app/assets/css/images/ui-icons_777620_256x240.64.delayed]
[lala-html.netlify.app/assets/css/images/ui-icons_cc0000_256x240.65.delayed]
[lala-html.netlify.app/assets/css/images/ui-icons_777777_256x240.66.delayed]
[lala-html.netlify.app/assets/css/jquery-ui.min.css]
[lala-html.netlify.app/assets/css/animate.min.css]
[lala-html.netlify.app/assets/css/animated-headline.css]
[lala-html.netlify.app/assets/img/drag.png]
[lala-html.netlify.app/assets/css/style.css]
[lala-html.netlify.app/assets/img/logo-icon.svg]
[lala-html.netlify.app/assets/img/logo.svg]
[lala-html.netlify.app/assets/img/agency/logo.svg]
[lala-html.netlify.app/assets/img/agency/hero-img.svg]
[lala-html.netlify.app/assets/img/agency/about1.svg]
[lala-html.netlify.app/assets/img/agency/about2.svg]
[lala-html.netlify.app/assets/img/agency/cta-bg.png]
[lala-html.netlify.app/assets/img/agency/portfolio1.jpg]
[lala-html.netlify.app/assets/img/agency/portfolio2.jpg]
[lala-html.netlify.app/assets/img/agency/portfolio3.jpg]
[lala-html.netlify.app/assets/img/agency/portfolio4.jpg]
[lala-html.netlify.app/assets/img/agency/portfolio5.jpg]
[lala-html.netlify.app/assets/img/agency/portfolio6.jpg]
[lala-html.netlify.app/assets/img/agency/counter-img.svg]
[lala-html.netlify.app/assets/img/agency/testimonial-img.svg]
[lala-html.netlify.app/assets/img/agency/testimonial1.jpg]
[lala-html.netlify.app/assets/img/agency/testimonial2.jpg]
[lala-html.netlify.app/assets/img/agency/testimonial3.jpg]
[lala-html.netlify.app/assets/img/agency/brand1.png]
[lala-html.netlify.app/assets/img/agency/brand2.png]
[lala-html.netlify.app/assets/img/agency/brand3.png]
[lala-html.netlify.app/assets/img/agency/brand4.png]
[lala-html.netlify.app/assets/img/agency/footer-image.png]
[lala-html.netlify.app/01_agency_home.html]
[lala-html.netlify.app/assets/img/non-profit/logo.svg]
[lala-html.netlify.app/assets/img/non-profit/hero-img.svg]
[lala-html.netlify.app/assets/img/non-profit/counter-img.svg]
[lala-html.netlify.app/assets/img/non-profit/about.svg]
[lala-html.netlify.app/assets/img/non-profit/cta-bg.jpg]
[lala-html.netlify.app/assets/img/non-profit/causes1.jpg]
[lala-html.netlify.app/assets/img/non-profit/causes2.jpg]
[lala-html.netlify.app/assets/img/non-profit/causes3.jpg]
[lala-html.netlify.app/assets/img/non-profit/event1.jpg]
[lala-html.netlify.app/assets/img/non-profit/event2.jpg]
[lala-html.netlify.app/assets/img/non-profit/event3.jpg]
[lala-html.netlify.app/assets/img/non-profit/cta-bg2.jpg]
[lala-html.netlify.app/02_non_profit_home.html]
[lala-html.netlify.app/assets/img/seo/logo.svg]
[lala-html.netlify.app/assets/img/seo/hero-img.jpg]
[lala-html.netlify.app/assets/img/seo/shape1.svg]
[lala-html.netlify.app/assets/img/seo/about1.jpg]
[lala-html.netlify.app/assets/img/seo/about2.jpg]
[lala-html.netlify.app/assets/img/seo/portfolio1.jpg]
[lala-html.netlify.app/assets/img/seo/portfolio3.jpg]
[lala-html.netlify.app/assets/img/seo/portfolio2.jpg]
[lala-html.netlify.app/assets/img/seo/portfolio4.jpg]
[lala-html.netlify.app/assets/img/seo/testimonial-bg.jpg]
[lala-html.netlify.app/assets/img/seo/avatar1.jpg]
[lala-html.netlify.app/assets/img/seo/post1.jpg]
[lala-html.netlify.app/assets/img/seo/post2.jpg]
[lala-html.netlify.app/03_seo_home.html]
[lala-html.netlify.app/assets/img/medical/logo.svg]
[lala-html.netlify.app/assets/img/medical/hero-shape.svg]
[lala-html.netlify.app/assets/img/medical/hero-img.svg]
[lala-html.netlify.app/assets/img/medical/img1.svg]
[lala-html.netlify.app/assets/img/medical/img2.svg]
[lala-html.netlify.app/assets/img/medical/icons/icon1.svg]
[lala-html.netlify.app/assets/img/medical/icons/icon2.svg]
[lala-html.netlify.app/assets/img/medical/icons/icon3.svg]
[lala-html.netlify.app/assets/img/medical/icons/icon4.svg]
[lala-html.netlify.app/assets/img/medical/icons/icon5.svg]
[lala-html.netlify.app/assets/img/medical/icons/icon6.svg]
[lala-html.netlify.app/assets/img/medical/img3.svg]
[lala-html.netlify.app/assets/img/medical/img4.svg]
[lala-html.netlify.app/assets/img/medical/cta-img.svg]
[lala-html.netlify.app/assets/img/medical/img6.svg]
[lala-html.netlify.app/04_medical_home.html]
[lala-html.netlify.app/assets/img/agency/footer-image.svg]
[lala-html.netlify.app/assets/img/insurance/logo.svg]
[lala-html.netlify.app/assets/img/insurance/hero-img.jpg]
[lala-html.netlify.app/assets/img/insurance/counter-pattern.png]
[lala-html.netlify.app/assets/img/insurance/about1.jpg]
[lala-html.netlify.app/assets/img/insurance/about2.jpg]
[lala-html.netlify.app/assets/img/insurance/about3.jpg]
[lala-html.netlify.app/assets/img/insurance/testimonial-bg.jpg]
[lala-html.netlify.app/assets/img/creative/testimonial1.jpg]
[lala-html.netlify.app/assets/img/creative/testimonial2.jpg]
[lala-html.netlify.app/assets/img/creative/testimonial3.jpg]
[lala-html.netlify.app/assets/img/creative/testimonial4.jpg]
[lala-html.netlify.app/assets/img/creative/testimonial5.jpg]
[lala-html.netlify.app/assets/img/insurance/cta-img.svg]
[lala-html.netlify.app/assets/img/insurance/footer-bg.jpg]
[lala-html.netlify.app/05_insurance_home.html]
[lala-html.netlify.app/assets/img/movers/logo.svg]
[lala-html.netlify.app/assets/img/movers/hero-img.svg]
[lala-html.netlify.app/assets/img/movers/img1.svg]
[lala-html.netlify.app/assets/img/movers/img2.svg]
[lala-html.netlify.app/assets/img/movers/faq-img.svg]
[lala-html.netlify.app/assets/img/movers/cta-pattern.png]
[lala-html.netlify.app/06_movers_home.html]
[lala-html.netlify.app/assets/css/demo/creative.css]
[lala-html.netlify.app/assets/img/creative/logo.png]
[lala-html.netlify.app/07_creative_about.html]
[lala-html.netlify.app/07_creative_service.html]
[lala-html.netlify.app/07_creative_blog.html]
[lala-html.netlify.app/07_creative_contact.html]
[lala-html.netlify.app/assets/img/creative/hero-img.png]
[lala-html.netlify.app/assets/img/creative/img1.png]
[lala-html.netlify.app/assets/img/creative/img2.png]
[lala-html.netlify.app/assets/img/creative/testimonial-img.png]
[lala-html.netlify.app/07_creative_portfolio_details.html]
[lala-html.netlify.app/assets/img/others/portfolio1/5.jpg]
[lala-html.netlify.app/assets/img/others/portfolio1/7.jpg]
[lala-html.netlify.app/assets/img/others/portfolio1/10.jpg]
[lala-html.netlify.app/assets/img/others/portfolio1/6.jpg]
[lala-html.netlify.app/assets/img/others/portfolio1/12.jpg]
[lala-html.netlify.app/assets/img/others/portfolio1/8.jpg]
[lala-html.netlify.app/assets/img/creative/cta-pattern.png]
[lala-html.netlify.app/07_creative_home.html]
[lala-html.netlify.app/07_creative_faq.html]
[lala-html.netlify.app/08_portfolio_about.html]
[lala-html.netlify.app/assets/img/portfolio/logo.svg]
[lala-html.netlify.app/08_portfolio_blog.html]
[lala-html.netlify.app/08_portfolio_portfolio.html]
[lala-html.netlify.app/08_portfolio_contact.html]
[lala-html.netlify.app/assets/img/portfolio/3.jpg]
[lala-html.netlify.app/assets/img/portfolio/2.jpg]
[lala-html.netlify.app/assets/img/portfolio/6.jpg]
[lala-html.netlify.app/assets/img/portfolio/5.jpg]
[lala-html.netlify.app/assets/img/portfolio/4.jpg]
[lala-html.netlify.app/08_portfolio_home.html]
[lala-html.netlify.app/assets/img/photography/1.jpg]
[lala-html.netlify.app/assets/img/photography/2.jpg]
[lala-html.netlify.app/assets/img/photography/3.jpg]
[lala-html.netlify.app/assets/img/photography/4.jpg]
[lala-html.netlify.app/assets/img/photography/5.jpg]
[lala-html.netlify.app/assets/img/photography/6.jpg]
[lala-html.netlify.app/assets/img/photography/7.jpg]
[lala-html.netlify.app/assets/img/photography/8.jpg]
[lala-html.netlify.app/assets/img/photography/9.jpg]
[lala-html.netlify.app/assets/img/photography/10.jpg]
[lala-html.netlify.app/assets/img/photography/11.jpg]
[lala-html.netlify.app/assets/img/photography/12.jpg]
[lala-html.netlify.app/09_photography_home.html]
[lala-html.netlify.app/assets/img/others/about1.jpg]
[lala-html.netlify.app/assets/img/others/about2.jpg]
[lala-html.netlify.app/assets/img/others/member1.jpg]
[lala-html.netlify.app/assets/img/others/member2.jpg]
[lala-html.netlify.app/assets/img/others/member3.jpg]
[lala-html.netlify.app/assets/img/others/member4.jpg]
[lala-html.netlify.app/about_1.html]
[lala-html.netlify.app/assets/img/others/about3.jpg]
[lala-html.netlify.app/assets/img/others/about5.jpg]
[lala-html.netlify.app/assets/img/others/about4.jpg]
[lala-html.netlify.app/assets/img/others/about6.jpg]
[lala-html.netlify.app/assets/img/others/about7.jpg]
[lala-html.netlify.app/about_2.html]
[lala-html.netlify.app/service.html]
[lala-html.netlify.app/faq.html]
[lala-html.netlify.app/error.html]
[lala-html.netlify.app/contact_1.html]
[lala-html.netlify.app/contact_2.html]
[lala-html.netlify.app/pricing.html]
[lala-html.netlify.app/assets/img/error.svg]
[lala-html.netlify.app/assets/img/others/post4.jpg]
[lala-html.netlify.app/assets/img/others/post5.jpg]
[lala-html.netlify.app/assets/img/others/post6.jpg]
[lala-html.netlify.app/assets/img/others/post7.jpg]
[lala-html.netlify.app/assets/img/others/post8.jpg]
[lala-html.netlify.app/assets/img/others/post9.jpg]
[lala-html.netlify.app/blog_grid.html]
[lala-html.netlify.app/assets/img/others/portfolio1/1.jpg]
[lala-html.netlify.app/assets/img/others/portfolio1/2.jpg]
[lala-html.netlify.app/assets/img/others/portfolio1/3.jpg]
[lala-html.netlify.app/assets/img/others/portfolio1/4.jpg]
[lala-html.netlify.app/assets/img/others/portfolio1/9.jpg]
[lala-html.netlify.app/assets/img/others/portfolio1/11.jpg]
[lala-html.netlify.app/portfolio_1.html]
[lala-html.netlify.app/assets/img/others/portfolio2/1.jpg]
[lala-html.netlify.app/assets/img/others/portfolio2/2.jpg]
[lala-html.netlify.app/assets/img/others/portfolio2/3.jpg]
[lala-html.netlify.app/assets/img/others/portfolio2/4.jpg]
[lala-html.netlify.app/assets/img/others/portfolio2/5.jpg]
[lala-html.netlify.app/assets/img/others/portfolio2/6.jpg]
[lala-html.netlify.app/assets/img/others/portfolio2/7.jpg]
[lala-html.netlify.app/assets/img/others/portfolio2/8.jpg]
[lala-html.netlify.app/portfolio_2.html]
[lala-html.netlify.app/assets/img/others/portfollio-details.jpg]
[lala-html.netlify.app/portfolio_details.html]
[lala-html.netlify.app/assets/img/others/resent_post1.jpg]
[lala-html.netlify.app/assets/img/others/resent_post2.jpg]
[lala-html.netlify.app/assets/img/others/resent_post3.jpg]
[lala-html.netlify.app/assets/img/others/resent_post4.jpg]
[lala-html.netlify.app/_assets/img/seo/post1.10c.delayed]
[lala-html.netlify.app/blog_list_left_sidebar.html]
[lala-html.netlify.app/blog_list_right_sidebar.html]
[lala-html.netlify.app/blog_details_left_sidebar.html]
[lala-html.netlify.app/blog_details_right_sidebar.html]
[lala-html.netlify.app/blog_details_no_sidebar.html]
[lala-html.netlify.app/assets/fonts/fa-brands-400.svg]
[lala-html.netlify.app/assets/fonts/fa-regular-400.svg]
[lala-html.netlify.app/assets/fonts/fa-solid-900.svg]
[lala-html.netlify.app/assets/fonts/lgd641.svg]
[lala-html.netlify.app/assets/img/vimeo-play.html]
[lala-html.netlify.app/assets/img/video-play.html]
[lala-html.netlify.app/assets/img/youtube-play.html]
[lala-html.netlify.app/assets/img/loading.html]
[lala-html.netlify.app/assets/css/images/ui-icons_444444_256x240.html]
[lala-html.netlify.app/assets/css/images/ui-icons_555555_256x240.html]
[lala-html.netlify.app/assets/css/images/ui-icons_ffffff_256x240.html]
[lala-html.netlify.app/assets/css/images/ui-icons_777620_256x240.html]
[lala-html.netlify.app/assets/css/images/ui-icons_cc0000_256x240.html]
[lala-html.netlify.app/assets/css/images/ui-icons_777777_256x240.html]
[lala-html.netlify.app/assets/img/agency/logo.svg]
[lala-html.netlify.app/assets/img/agency/hero-img.svg]
[lala-html.netlify.app/assets/img/agency/about1.svg]
[lala-html.netlify.app/assets/img/agency/about2.svg]
[lala-html.netlify.app/assets/img/agency/counter-img.svg]
[lala-html.netlify.app/assets/img/agency/testimonial-img.svg]
[lala-html.netlify.app/assets/img/non-profit/logo.svg]
[lala-html.netlify.app/assets/img/non-profit/hero-img.svg]
[lala-html.netlify.app/assets/img/non-profit/counter-img.svg]
[lala-html.netlify.app/assets/img/non-profit/about.svg]
[lala-html.netlify.app/assets/img/non-profit/video-block.svg]
[lala-html.netlify.app/assets/img/seo/logo.svg]
[lala-html.netlify.app/assets/img/seo/shape1.svg]
[lala-html.netlify.app/assets/img/seo/shape2.svg]
[lala-html.netlify.app/assets/img/seo/shape3.svg]
[lala-html.netlify.app/assets/img/medical/logo.svg]
[lala-html.netlify.app/assets/img/medical/hero-shape.svg]
[lala-html.netlify.app/assets/img/medical/hero-img.svg]
[lala-html.netlify.app/assets/img/medical/img1.svg]
[lala-html.netlify.app/assets/img/medical/img2.svg]
[lala-html.netlify.app/assets/img/medical/icons/icon1.svg]
[lala-html.netlify.app/assets/img/medical/icons/icon2.svg]
[lala-html.netlify.app/assets/img/medical/icons/icon3.svg]
[lala-html.netlify.app/assets/img/medical/icons/icon4.svg]
[lala-html.netlify.app/assets/img/medical/icons/icon5.svg]
[lala-html.netlify.app/assets/img/medical/icons/icon6.svg]
[lala-html.netlify.app/assets/img/medical/img3.svg]
[lala-html.netlify.app/assets/img/medical/img4.svg]
[lala-html.netlify.app/assets/img/medical/cta-img.svg]
[lala-html.netlify.app/assets/img/medical/img6.svg]
[lala-html.netlify.app/assets/img/agency/footer-image.svg]
[lala-html.netlify.app/assets/img/insurance/logo-icon.svg]
[lala-html.netlify.app/assets/img/insurance/logo.svg]
[lala-html.netlify.app/assets/img/insurance/cta-img.svg]
[lala-html.netlify.app/assets/img/movers/logo.svg]
[lala-html.netlify.app/assets/img/movers/hero-img.svg]
[lala-html.netlify.app/assets/img/movers/img1.svg]
[lala-html.netlify.app/assets/img/movers/img2.svg]
[lala-html.netlify.app/assets/img/movers/faq-img.svg]
[lala-html.netlify.app/assets/css/demo/creative.css]
[lala-html.netlify.app/07_creative_about.html]
[lala-html.netlify.app/07_creative_service.html]
[lala-html.netlify.app/07_creative_blog.html]
[lala-html.netlify.app/07_creative_contact.html]
[lala-html.netlify.app/07_creative_portfolio_details.html]
[lala-html.netlify.app/07_creative_faq.html]
[lala-html.netlify.app/08_portfolio_about.html]
[lala-html.netlify.app/assets/img/portfolio/logo.svg]
[lala-html.netlify.app/08_portfolio_blog.html]
[lala-html.netlify.app/08_portfolio_portfolio.html]
[lala-html.netlify.app/08_portfolio_contact.html]
[lala-html.netlify.app/assets/img/error.svg]
[lala-html.netlify.app/_assets/img/seo/post1.html]
[lala-html.netlify.app/07_creative_blog_details.html]
[lala-html.netlify.app/07_creative_blog_details.html]
